// Jest Snapshot v1, https://goo.gl/fbAQLP

exports[`DetailedGnome shows the gnome information 1`] = `
<div>
  <div
    data-testid="DetailedGnome-13"
  >
    <article>
      <h1
        data-testid="name"
      >
        Tobus Nozzletink
      </h1>
      <img
        alt="Tobus Nozzletink"
        data-testid="thumbnail"
        src="http://www.publicdomainpictures.net/pictures/120000/velka/cactus-1430656432Iug.jpg"
      />
      <dl
        data-testid="Details"
      >
        <dt>
          age
        </dt>
        <dd>
          367
        </dd>
        <dt>
          weight
        </dt>
        <dd>
          36.732063
        </dd>
        <dt>
          height
        </dt>
        <dd>
          129.37299
        </dd>
        <dt>
          hair color
        </dt>
        <dd>
          Green
        </dd>
      </dl>
      <h3>
        professions
      </h3>
      <ul
        data-testid="professions"
      >
        <li>
           Tinker
        </li>
        <li>
          Metalworker
        </li>
        <li>
          Carpenter
        </li>
      </ul>
      <h3>
        friends
      </h3>
      <ul
        data-testid="friends"
      >
        <li>
          Milli Clanksbuster
        </li>
        <li>
          Kinthony Tinkrivet
        </li>
        <li>
          Sarabink Voidbuster
        </li>
        <li>
          Tobus Nozzletorque
        </li>
      </ul>
    </article>
  </div>
</div>
`;
