// Jest Snapshot v1, https://goo.gl/fbAQLP

exports[`GnomeFilter shows the gnome information 1`] = `
<div>
  <div
    class="sc-bdVaJa dtiqAs"
  >
    <label
      class="sc-bwzfXH jxEbzC"
      for="GnomeFilter"
    >
      Filter
    </label>
    <input
      class="sc-htpNat fKBxqF"
      data-testid="GnomeFilter"
      name="GnomeFilter"
      value=""
    />
  </div>
</div>
`;
