// Jest Snapshot v1, https://goo.gl/fbAQLP

exports[`GnomeList creates Gnomes 1`] = `
<div>
  <div
    data-testid="GnomeList"
  >
    <div
      data-testid="Gnome-0"
      weight="39.065952"
    >
      <h1
        data-testid="name"
      >
        Tobus Quickwhistle
      </h1>
      <img
        alt="Tobus Quickwhistle"
        data-testid="thumbnail"
        src="http://www.publicdomainpictures.net/pictures/10000/nahled/thinking-monkey-11282237747K8xB.jpg"
        width="200px"
      />
      <div>
        <div>
          <h1>
            Friends #
          </h1>
          <span>
            2
          </span>
        </div>
        <div>
          <h1>
            Professions #
          </h1>
          <span>
            6
          </span>
        </div>
        <button>
          OPEN
        </button>
      </div>
    </div>
    <div
      data-testid="Gnome-1"
      weight="35.279167"
    >
      <h1
        data-testid="name"
      >
        Fizkin Voidbuster
      </h1>
      <img
        alt="Fizkin Voidbuster"
        data-testid="thumbnail"
        src="http://www.publicdomainpictures.net/pictures/120000/nahled/white-hen.jpg"
        width="200px"
      />
      <div>
        <div>
          <h1>
            Friends #
          </h1>
          <span>
            0
          </span>
        </div>
        <div>
          <h1>
            Professions #
          </h1>
          <span>
            6
          </span>
        </div>
        <button>
          OPEN
        </button>
      </div>
    </div>
    <div
      data-testid="Gnome-2"
      weight="35.88665"
    >
      <h1
        data-testid="name"
      >
        Malbin Chromerocket
      </h1>
      <img
        alt="Malbin Chromerocket"
        data-testid="thumbnail"
        src="http://www.publicdomainpictures.net/pictures/30000/nahled/maple-leaves-background.jpg"
        width="200px"
      />
      <div>
        <div>
          <h1>
            Friends #
          </h1>
          <span>
            1
          </span>
        </div>
        <div>
          <h1>
            Professions #
          </h1>
          <span>
            3
          </span>
        </div>
        <button>
          OPEN
        </button>
      </div>
    </div>
  </div>
</div>
`;
