// Jest Snapshot v1, https://goo.gl/fbAQLP

exports[`Gnome shows the gnome information 1`] = `
<div>
  <div
    data-testid="Gnome-13"
  >
    <h3
      data-testid="name"
    >
      Tobus Nozzletink
    </h3>
    <img
      alt="Tobus Nozzletink"
      data-testid="thumbnail"
      src="http://www.publicdomainpictures.net/pictures/120000/velka/cactus-1430656432Iug.jpg"
      width="200px"
    />
  </div>
</div>
`;
